// Jest Snapshot v1, https://goo.gl/fbAQLP

exports[`Test on SubBreed Container component Show SubBreedContainer correctly 1`] = `
<div
  className="makeStyles-spacing-1"
>
  <Memo(ForwardRef(AutorenewIcon)) />
</div>
`;
